// Vitest Snapshot v1, https://vitest.dev/guide/snapshot.html

exports[`LobbyPage Component > renders correctly 1`] = `null`;
