// Vitest Snapshot v1, https://vitest.dev/guide/snapshot.html

exports[`Button Component > renders correctly with default props 1`] = `null`;
