// Vitest Snapshot v1, https://vitest.dev/guide/snapshot.html

exports[`Home Page > renders correctly 1`] = `null`;
